// Jest Snapshot v1, https://goo.gl/fbAQLP

exports[`Hand It matches snapshot 1`] = `
<div>
  <div
    class="hand"
  >
    <div>
      1
    </div>
    <div>
      2
    </div>
    <div>
      3
    </div>
  </div>
</div>
`;
