// Jest Snapshot v1, https://goo.gl/fbAQLP

exports[`MainMenu It matches snapshot 1`] = `
<div>
  <div
    class="mainMenu"
  >
    <button
      class="button primary"
    >
      Play
    </button>
  </div>
</div>
`;
